// Jest Snapshot v1, https://goo.gl/fbAQLP

exports[`<App /> renders without crashing 1`] = `
<div
  className="App"
>
  <header
    className="App__header"
  >
    <h1>
      MoGo Reporter
    </h1>
  </header>
  <button
    className="displayToggle"
    onClick={[Function]}
  >
    <i
      className="material-icons"
    >
      add
    </i>
  </button>
  <div
    className="App__body"
  >
    <ReportMap
      visible={true}
    />
    <div>
      Form
    </div>
  </div>
</div>
`;
